// Jest Snapshot v1, https://goo.gl/fbAQLP

exports[`Should render Header correctly 1`] = `
<div>
  This is from ExpenseDashboardPage
  <Connect(ExpenseListFilters) />
  <Connect(ExpenseList) />
</div>
`;
